{
  "digitalocean": "4149811bcb07e7e29a1f95744648dc34540f206b7f0f70dc5b18fdc9204f6db2"
}